// Jest Snapshot v1, https://goo.gl/fbAQLP

exports[`connect maps state to props in Provider context 1`] = `
<div>
  <div>
    <h1>
      10
    </h1>
    <button>
      add
    </button>
  </div>
</div>
`;
