// Jest Snapshot v1, https://goo.gl/fbAQLP

exports[`Testing Messages screen Render correct component 1`] = `
<View
  style={
    Object {
      "flex": 1,
    }
  }
>
  <RNCSafeAreaProvider
    onInsetsChange={[Function]}
    style={
      Array [
        Object {
          "flex": 1,
        },
        undefined,
      ]
    }
  >
    <View
      pointerEvents="box-none"
      style={
        Array [
          Object {
            "zIndex": 1,
          },
          false,
        ]
      }
    >
      <View
        accessibilityElementsHidden={false}
        importantForAccessibility="auto"
        onLayout={[Function]}
        pointerEvents="box-none"
        style={null}
      >
        <View
          pointerEvents="box-none"
          style={
            Object {
              "bottom": 0,
              "left": 0,
              "opacity": 1,
              "position": "absolute",
              "right": 0,
              "top": 0,
              "zIndex": 0,
            }
          }
        >
          <View
            style={
              Object {
                "backgroundColor": "rgb(255, 255, 255)",
                "borderBottomColor": "rgb(216, 216, 216)",
                "flex": 1,
                "shadowColor": "rgb(216, 216, 216)",
                "shadowOffset": Object {
                  "height": 0.5,
                  "width": 0,
                },
                "shadowOpacity": 0.85,
                "shadowRadius": 0,
              }
            }
          />
        </View>
        <View
          pointerEvents="box-none"
          style={
            Object {
              "height": 64,
              "maxHeight": undefined,
              "minHeight": undefined,
              "opacity": undefined,
              "transform": undefined,
            }
          }
        >
          <View
            pointerEvents="none"
            style={
              Object {
                "height": 20,
              }
            }
          />
          <View
            pointerEvents="box-none"
            style={
              Object {
                "alignItems": "center",
                "flex": 1,
                "flexDirection": "row",
                "justifyContent": "center",
              }
            }
          >
            <View
              pointerEvents="box-none"
              style={
                Object {
                  "marginHorizontal": 16,
                  "opacity": 1,
                }
              }
            >
              <Text
                accessibilityRole="header"
                aria-level="1"
                numberOfLines={1}
                onLayout={[Function]}
                style={
                  Object {
                    "color": "rgb(28, 28, 30)",
                    "fontSize": 17,
                    "fontWeight": "600",
                  }
                }
              >
                Root
              </Text>
            </View>
          </View>
        </View>
      </View>
    </View>
    <View
      onLayout={[Function]}
      style={
        Object {
          "flex": 1,
        }
      }
    >
      <View
        pointerEvents="box-none"
        style={
          Object {
            "bottom": 0,
            "left": 0,
            "position": "absolute",
            "right": 0,
            "top": 0,
          }
        }
      >
        <View
          collapsable={false}
          style={
            Object {
              "opacity": 1,
            }
          }
        />
        <View
          accessibilityElementsHidden={false}
          closing={false}
          gestureVelocityImpact={0.3}
          importantForAccessibility="auto"
          onClose={[Function]}
          onGestureBegin={[Function]}
          onGestureCanceled={[Function]}
          onGestureEnd={[Function]}
          onOpen={[Function]}
          onTransitionStart={[Function]}
          pointerEvents="box-none"
          style={
            Object {
              "bottom": 0,
              "left": 0,
              "position": "absolute",
              "right": 0,
              "top": 0,
            }
          }
          transitionSpec={
            Object {
              "close": Object {
                "animation": "spring",
                "config": Object {
                  "damping": 500,
                  "mass": 3,
                  "overshootClamping": true,
                  "restDisplacementThreshold": 10,
                  "restSpeedThreshold": 10,
                  "stiffness": 1000,
                },
              },
              "open": Object {
                "animation": "spring",
                "config": Object {
                  "damping": 500,
                  "mass": 3,
                  "overshootClamping": true,
                  "restDisplacementThreshold": 10,
                  "restSpeedThreshold": 10,
                  "stiffness": 1000,
                },
              },
            }
          }
        >
          <View
            pointerEvents="box-none"
            style={
              Object {
                "flex": 1,
              }
            }
          >
            <View
              collapsable={false}
              forwardedRef={[Function]}
              onGestureHandlerEvent={[Function]}
              onGestureHandlerStateChange={[Function]}
              style={
                Object {
                  "flex": 1,
                  "transform": Array [
                    Object {
                      "translateX": 0,
                    },
                    Object {
                      "translateX": 0,
                    },
                  ],
                }
              }
            >
              <View
                pointerEvents="none"
                style={
                  Object {
                    "backgroundColor": "rgb(242, 242, 242)",
                    "bottom": 0,
                    "left": 0,
                    "position": "absolute",
                    "shadowColor": "#000",
                    "shadowOffset": Object {
                      "height": 1,
                      "width": -1,
                    },
                    "shadowOpacity": 0.3,
                    "shadowRadius": 5,
                    "top": 0,
                    "width": 3,
                  }
                }
              />
              <View
                style={
                  Array [
                    Object {
                      "flex": 1,
                      "overflow": "hidden",
                    },
                    Array [
                      Object {
                        "backgroundColor": "rgb(242, 242, 242)",
                      },
                      undefined,
                    ],
                  ]
                }
              >
                <View
                  style={
                    Object {
                      "flex": 1,
                      "flexDirection": "column-reverse",
                    }
                  }
                >
                  <View
                    style={
                      Object {
                        "flex": 1,
                      }
                    }
                  >
                    <View
                      style={
                        Object {
                          "flex": 1,
                        }
                      }
                    >
                      <View
                        onLayout={[Function]}
                        style={
                          Array [
                            Array [
                              Object {
                                "backgroundColor": "#fff",
                                "flex": 1,
                                "height": "100%",
                              },
                              Object {},
                            ],
                            Object {
                              "paddingBottom": 0,
                            },
                          ]
                        }
                      >
                        <View
                          accessible={true}
                          focusable={true}
                          onClick={[Function]}
                          onResponderGrant={[Function]}
                          onResponderMove={[Function]}
                          onResponderRelease={[Function]}
                          onResponderTerminate={[Function]}
                          onResponderTerminationRequest={[Function]}
                          onStartShouldSetResponder={[Function]}
                          style={
                            Array [
                              Object {
                                "backgroundColor": "#fff",
                                "flex": 1,
                                "height": "100%",
                              },
                              Object {},
                              Object {
                                "paddingTop": 0,
                              },
                            ]
                          }
                        >
                          <RCTScrollView
                            contentContainerStyle={
                              Array [
                                Object {
                                  "alignItems": "stretch",
                                  "justifyContent": "flex-start",
                                },
                                Object {
                                  "backgroundColor": "rgba(0, 0, 0, 0)",
                                },
                              ]
                            }
                            style={
                              Array [
                                Object {
                                  "backgroundColor": "#fff",
                                  "flex": 1,
                                  "height": "100%",
                                },
                                Object {},
                              ]
                            }
                          >
                            <View>
                              <View
                                accessibilityIgnoresInvertColors={true}
                                style={
                                  Object {
                                    "alignItems": "center",
                                    "height": 1334,
                                    "paddingTop": 533.6,
                                    "width": 750,
                                  }
                                }
                              >
                                <Image
                                  resizeMode="stretch"
                                  source={1}
                                  style={
                                    Array [
                                      Object {
                                        "bottom": 0,
                                        "left": 0,
                                        "position": "absolute",
                                        "right": 0,
                                        "top": 0,
                                      },
                                      Object {
                                        "height": 1334,
                                        "width": 750,
                                      },
                                      undefined,
                                    ]
                                  }
                                />
                                <Image
                                  resizeMode="stretch"
                                  source={1}
                                  style={
                                    Object {
                                      "height": 60,
                                      "marginBottom": 60,
                                      "width": "80%",
                                    }
                                  }
                                />
                                <TextInput
                                  allowFontScaling={true}
                                  keyboardType="email-address"
                                  onChangeText={[Function]}
                                  placeholder="User Name"
                                  placeholderTextColor="white"
                                  rejectResponderTermination={true}
                                  style={
                                    Object {
                                      "backgroundColor": "rgba(0, 0, 0, 0)",
                                      "borderBottomColor": "red",
                                      "borderBottomWidth": 2,
                                      "color": "#fff",
                                      "fontSize": 20,
                                      "height": 40,
                                      "marginBottom": 20,
                                      "paddingLeft": 20,
                                      "width": "80%",
                                    }
                                  }
                                  underlineColorAndroid="transparent"
                                />
                                <TextInput
                                  allowFontScaling={true}
                                  onChangeText={[Function]}
                                  placeholder="Password"
                                  placeholderTextColor="white"
                                  rejectResponderTermination={true}
                                  secureTextEntry={true}
                                  style={
                                    Object {
                                      "backgroundColor": "rgba(0, 0, 0, 0)",
                                      "borderBottomColor": "red",
                                      "borderBottomWidth": 2,
                                      "color": "#fff",
                                      "fontSize": 20,
                                      "height": 40,
                                      "marginBottom": 20,
                                      "paddingLeft": 20,
                                      "width": "80%",
                                    }
                                  }
                                  underlineColorAndroid="transparent"
                                />
                                <View
                                  accessible={true}
                                  focusable={true}
                                  onClick={[Function]}
                                  onResponderGrant={[Function]}
                                  onResponderMove={[Function]}
                                  onResponderRelease={[Function]}
                                  onResponderTerminate={[Function]}
                                  onResponderTerminationRequest={[Function]}
                                  onStartShouldSetResponder={[Function]}
                                  style={
                                    Object {
                                      "alignContent": "center",
                                      "alignItems": "center",
                                      "backgroundColor": "#f8b601",
                                      "borderRadius": 6,
                                      "elevation": 1,
                                      "height": 40,
                                      "justifyContent": "center",
                                      "marginVertical": 20,
                                      "opacity": 1,
                                      "shadowOffset": Object {
                                        "height": 5,
                                        "width": 0,
                                      },
                                      "shadowOpacity": 0.5,
                                      "shadowRadius": 5,
                                      "width": "80%",
                                    }
                                  }
                                >
                                  <Text
                                    style={
                                      Object {
                                        "color": "#fff",
                                        "fontSize": 20,
                                        "fontWeight": "bold",
                                      }
                                    }
                                  >
                                    Login
                                  </Text>
                                </View>
                                <View
                                  style={
                                    Object {
                                      "flex": 1,
                                      "justifyContent": "flex-end",
                                    }
                                  }
                                >
                                  <Text
                                    style={
                                      Object {
                                        "color": "#fff",
                                        "paddingBottom": 30,
                                      }
                                    }
                                  >
                                    Don’t have an account? Sign up
                                  </Text>
                                </View>
                              </View>
                            </View>
                          </RCTScrollView>
                        </View>
                      </View>
                    </View>
                  </View>
                </View>
              </View>
            </View>
          </View>
        </View>
      </View>
    </View>
  </RNCSafeAreaProvider>
</View>
`;
