// Jest Snapshot v1, https://goo.gl/fbAQLP

exports[`Testing withObservableStream Should render correctly 1`] = `
<Text>
  1
</Text>
`;
