// Jest Snapshot v1, https://goo.gl/fbAQLP

exports[`Testing Message component Render correct component 1`] = `
<div>
  <view>
    <view>
      <text />
      <text>
        1:00
      </text>
    </view>
  </view>
</div>
`;
